// Vitest Snapshot v1, https://vitest.dev/guide/snapshot.html

exports[`vehicle offer block assembly > is unchanged across every offer type and dataset 1`] = `
{
  "apr/all-blank": {
    "currency": "",
    "label": "APR",
    "main": "—",
    "percent": "%",
    "prose": "—",
    "terms": "",
    "value": "—",
  },
  "apr/all-blank (o2_)": {
    "currency": "",
    "label": "APR",
    "main": "0%",
    "percent": "%",
    "prose": "0% APR",
    "terms": "for 60 months",
    "value": "0",
  },
  "apr/overridden": {
    "currency": "",
    "label": "DRIVE HOME FOR",
    "main": "1.9%",
    "percent": "%",
    "prose": "1.9% APR",
    "terms": "for 60 months",
    "value": "1.9",
  },
  "apr/overridden (o2_)": {
    "currency": "",
    "label": "APR",
    "main": "0%",
    "percent": "%",
    "prose": "0% APR",
    "terms": "for 60 months",
    "value": "0",
  },
  "apr/placeholders": {
    "currency": "",
    "label": "APR",
    "main": "X.X%",
    "percent": "%",
    "prose": "X.X% APR",
    "terms": "for XX months",
    "value": "X.X",
  },
  "apr/placeholders (o2_)": {
    "currency": "",
    "label": "APR",
    "main": "0%",
    "percent": "%",
    "prose": "0% APR",
    "terms": "for 60 months",
    "value": "0",
  },
  "apr/template-defaults": {
    "currency": "",
    "label": "APR",
    "main": "1.9%",
    "percent": "%",
    "prose": "1.9% APR",
    "terms": "for 60 months",
    "value": "1.9",
  },
  "apr/template-defaults (o2_)": {
    "currency": "",
    "label": "APR",
    "main": "0%",
    "percent": "%",
    "prose": "0% APR",
    "terms": "for 60 months",
    "value": "0",
  },
  "custom/all-blank": null,
  "custom/all-blank (o2_)": {
    "currency": "",
    "label": "APR",
    "main": "0%",
    "percent": "%",
    "prose": "0% APR",
    "terms": "for 60 months",
    "value": "0",
  },
  "custom/overridden": null,
  "custom/overridden (o2_)": {
    "currency": "",
    "label": "APR",
    "main": "0%",
    "percent": "%",
    "prose": "0% APR",
    "terms": "for 60 months",
    "value": "0",
  },
  "custom/placeholders": null,
  "custom/placeholders (o2_)": {
    "currency": "",
    "label": "APR",
    "main": "0%",
    "percent": "%",
    "prose": "0% APR",
    "terms": "for 60 months",
    "value": "0",
  },
  "custom/template-defaults": null,
  "custom/template-defaults (o2_)": {
    "currency": "",
    "label": "APR",
    "main": "0%",
    "percent": "%",
    "prose": "0% APR",
    "terms": "for 60 months",
    "value": "0",
  },
  "discount/all-blank": {
    "currency": "$",
    "label": "OFF MSRP",
    "main": "—",
    "percent": "",
    "prose": "—",
    "terms": "",
    "value": "—",
  },
  "discount/all-blank (o2_)": {
    "currency": "",
    "label": "APR",
    "main": "0%",
    "percent": "%",
    "prose": "0% APR",
    "terms": "for 60 months",
    "value": "0",
  },
  "discount/overridden": {
    "currency": "$",
    "label": "DRIVE HOME FOR",
    "main": "$3,000",
    "percent": "",
    "prose": "$3,000",
    "terms": "MSRP of $34,000",
    "value": "3,000",
  },
  "discount/overridden (o2_)": {
    "currency": "",
    "label": "APR",
    "main": "0%",
    "percent": "%",
    "prose": "0% APR",
    "terms": "for 60 months",
    "value": "0",
  },
  "discount/placeholders": {
    "currency": "$",
    "label": "OFF MSRP",
    "main": "$X,XXX",
    "percent": "",
    "prose": "$X,XXX",
    "terms": "MSRP of $XX,XXX",
    "value": "X,XXX",
  },
  "discount/placeholders (o2_)": {
    "currency": "",
    "label": "APR",
    "main": "0%",
    "percent": "%",
    "prose": "0% APR",
    "terms": "for 60 months",
    "value": "0",
  },
  "discount/template-defaults": {
    "currency": "$",
    "label": "OFF MSRP",
    "main": "$3,000",
    "percent": "",
    "prose": "$3,000",
    "terms": "MSRP of $34,000",
    "value": "3,000",
  },
  "discount/template-defaults (o2_)": {
    "currency": "",
    "label": "APR",
    "main": "0%",
    "percent": "%",
    "prose": "0% APR",
    "terms": "for 60 months",
    "value": "0",
  },
  "empty/all-blank": null,
  "empty/all-blank (o2_)": {
    "currency": "",
    "label": "APR",
    "main": "0%",
    "percent": "%",
    "prose": "0% APR",
    "terms": "for 60 months",
    "value": "0",
  },
  "empty/overridden": null,
  "empty/overridden (o2_)": {
    "currency": "",
    "label": "APR",
    "main": "0%",
    "percent": "%",
    "prose": "0% APR",
    "terms": "for 60 months",
    "value": "0",
  },
  "empty/placeholders": null,
  "empty/placeholders (o2_)": {
    "currency": "",
    "label": "APR",
    "main": "0%",
    "percent": "%",
    "prose": "0% APR",
    "terms": "for 60 months",
    "value": "0",
  },
  "empty/template-defaults": null,
  "empty/template-defaults (o2_)": {
    "currency": "",
    "label": "APR",
    "main": "0%",
    "percent": "%",
    "prose": "0% APR",
    "terms": "for 60 months",
    "value": "0",
  },
  "lease/all-blank": {
    "currency": "$",
    "label": "PER MONTH LEASE",
    "main": "—",
    "percent": "",
    "prose": "—",
    "terms": "",
    "value": "—",
  },
  "lease/all-blank (o2_)": {
    "currency": "",
    "label": "APR",
    "main": "0%",
    "percent": "%",
    "prose": "0% APR",
    "terms": "for 60 months",
    "value": "0",
  },
  "lease/overridden": {
    "currency": "$",
    "label": "DRIVE HOME FOR",
    "main": "$299/mo",
    "percent": "",
    "prose": "$299/mo",
    "terms": "36-month lease · $2,999 due at signing",
    "value": "299",
  },
  "lease/overridden (o2_)": {
    "currency": "",
    "label": "APR",
    "main": "0%",
    "percent": "%",
    "prose": "0% APR",
    "terms": "for 60 months",
    "value": "0",
  },
  "lease/placeholders": {
    "currency": "$",
    "label": "PER MONTH LEASE",
    "main": "$XXX/mo",
    "percent": "",
    "prose": "$XXX/mo",
    "terms": "XX-month lease · $X,XXX due at signing",
    "value": "XXX",
  },
  "lease/placeholders (o2_)": {
    "currency": "",
    "label": "APR",
    "main": "0%",
    "percent": "%",
    "prose": "0% APR",
    "terms": "for 60 months",
    "value": "0",
  },
  "lease/template-defaults": {
    "currency": "$",
    "label": "PER MONTH LEASE",
    "main": "$299/mo",
    "percent": "",
    "prose": "$299/mo",
    "terms": "36-month lease · $2,999 due at signing",
    "value": "299",
  },
  "lease/template-defaults (o2_)": {
    "currency": "",
    "label": "APR",
    "main": "0%",
    "percent": "%",
    "prose": "0% APR",
    "terms": "for 60 months",
    "value": "0",
  },
  "sales_price/all-blank": {
    "currency": "$",
    "label": "SALES PRICE",
    "main": "—",
    "percent": "",
    "prose": "—",
    "terms": "",
    "value": "—",
  },
  "sales_price/all-blank (o2_)": {
    "currency": "",
    "label": "APR",
    "main": "0%",
    "percent": "%",
    "prose": "0% APR",
    "terms": "for 60 months",
    "value": "0",
  },
  "sales_price/overridden": {
    "currency": "$",
    "label": "DRIVE HOME FOR",
    "main": "$28,995",
    "percent": "",
    "prose": "$28,995",
    "terms": "MSRP of $34,000",
    "value": "28,995",
  },
  "sales_price/overridden (o2_)": {
    "currency": "",
    "label": "APR",
    "main": "0%",
    "percent": "%",
    "prose": "0% APR",
    "terms": "for 60 months",
    "value": "0",
  },
  "sales_price/placeholders": {
    "currency": "$",
    "label": "SALES PRICE",
    "main": "$XX,XXX",
    "percent": "",
    "prose": "$XX,XXX",
    "terms": "MSRP of $XX,XXX",
    "value": "XX,XXX",
  },
  "sales_price/placeholders (o2_)": {
    "currency": "",
    "label": "APR",
    "main": "0%",
    "percent": "%",
    "prose": "0% APR",
    "terms": "for 60 months",
    "value": "0",
  },
  "sales_price/template-defaults": {
    "currency": "$",
    "label": "SALES PRICE",
    "main": "$28,995",
    "percent": "",
    "prose": "$28,995",
    "terms": "MSRP of $34,000",
    "value": "28,995",
  },
  "sales_price/template-defaults (o2_)": {
    "currency": "",
    "label": "APR",
    "main": "0%",
    "percent": "%",
    "prose": "0% APR",
    "terms": "for 60 months",
    "value": "0",
  },
  "unrecognized/all-blank": null,
  "unrecognized/all-blank (o2_)": {
    "currency": "",
    "label": "APR",
    "main": "0%",
    "percent": "%",
    "prose": "0% APR",
    "terms": "for 60 months",
    "value": "0",
  },
  "unrecognized/overridden": null,
  "unrecognized/overridden (o2_)": {
    "currency": "",
    "label": "APR",
    "main": "0%",
    "percent": "%",
    "prose": "0% APR",
    "terms": "for 60 months",
    "value": "0",
  },
  "unrecognized/placeholders": null,
  "unrecognized/placeholders (o2_)": {
    "currency": "",
    "label": "APR",
    "main": "0%",
    "percent": "%",
    "prose": "0% APR",
    "terms": "for 60 months",
    "value": "0",
  },
  "unrecognized/template-defaults": null,
  "unrecognized/template-defaults (o2_)": {
    "currency": "",
    "label": "APR",
    "main": "0%",
    "percent": "%",
    "prose": "0% APR",
    "terms": "for 60 months",
    "value": "0",
  },
}
`;

exports[`vehicle template renders > covers every template and size the vehicle kind ships 1`] = `
[
  "vehicle-offer:3",
  "vehicle-dual-offer:3",
  "singleOfferDoc:3",
  "dualOfferDoc:3",
]
`;

exports[`vehicle template renders > dualOfferDoc is byte-stable across sizes and datasets 1`] = `
{
  "landscape · apr/all-blank": "5277b sha256:6e20f4543d6ae156",
  "landscape · apr/overridden": "8684b sha256:af91c997b4a58578",
  "landscape · apr/placeholders": "8673b sha256:1d09bcbd86cfe7de",
  "landscape · apr/template-defaults": "8673b sha256:4a8c8b3b664c2183",
  "landscape · custom/all-blank": "5297b sha256:c04012e7630b4243",
  "landscape · custom/overridden": "8707b sha256:ffc6c0715813c64a",
  "landscape · custom/placeholders": "8149b sha256:0b57934d5aa4f602",
  "landscape · custom/template-defaults": "8708b sha256:c951644894d3c8a8",
  "landscape · discount/all-blank": "5282b sha256:1f42f7be0ab336fc",
  "landscape · discount/overridden": "8688b sha256:2472fe4c2e309c19",
  "landscape · discount/placeholders": "8682b sha256:631464bade297e94",
  "landscape · discount/template-defaults": "8682b sha256:e7e3c6c2c3e574a0",
  "landscape · empty/all-blank": "5297b sha256:c04012e7630b4243",
  "landscape · empty/overridden": "8707b sha256:ffc6c0715813c64a",
  "landscape · empty/placeholders": "8149b sha256:0b57934d5aa4f602",
  "landscape · empty/template-defaults": "8708b sha256:c951644894d3c8a8",
  "landscape · lease/all-blank": "5289b sha256:aaeea6c986618f32",
  "landscape · lease/overridden": "8712b sha256:d0a8bbb3af1c9969",
  "landscape · lease/placeholders": "8713b sha256:1db9af0287c80319",
  "landscape · lease/template-defaults": "8713b sha256:c4e3ad050f1ed500",
  "landscape · sales_price/all-blank": "5285b sha256:9a841e079bf541f9",
  "landscape · sales_price/overridden": "8689b sha256:e40f7c23626cb7ea",
  "landscape · sales_price/placeholders": "8686b sha256:9962239bc5199eca",
  "landscape · sales_price/template-defaults": "8686b sha256:2e02bedae12f71e8",
  "landscape · unrecognized/all-blank": "5297b sha256:c04012e7630b4243",
  "landscape · unrecognized/overridden": "8707b sha256:ffc6c0715813c64a",
  "landscape · unrecognized/placeholders": "8149b sha256:0b57934d5aa4f602",
  "landscape · unrecognized/template-defaults": "8708b sha256:c951644894d3c8a8",
  "square · apr/all-blank": "5284b sha256:b09e51dc736e01eb",
  "square · apr/overridden": "8691b sha256:a4230aef5c7fe749",
  "square · apr/placeholders": "8680b sha256:b7b242549cb4fefd",
  "square · apr/template-defaults": "8680b sha256:8edeadec4cfe2643",
  "square · custom/all-blank": "5304b sha256:2863522f3c35dbda",
  "square · custom/overridden": "8714b sha256:d9428231c5f902cd",
  "square · custom/placeholders": "8155b sha256:05b8334e9227e407",
  "square · custom/template-defaults": "8715b sha256:2f8e65f8890206c7",
  "square · discount/all-blank": "5289b sha256:85c5d6f15979b535",
  "square · discount/overridden": "8695b sha256:9961b3b4a9a71f20",
  "square · discount/placeholders": "8689b sha256:b45973df74f20bea",
  "square · discount/template-defaults": "8689b sha256:256f48e7c9dca4a1",
  "square · empty/all-blank": "5304b sha256:2863522f3c35dbda",
  "square · empty/overridden": "8714b sha256:d9428231c5f902cd",
  "square · empty/placeholders": "8155b sha256:05b8334e9227e407",
  "square · empty/template-defaults": "8715b sha256:2f8e65f8890206c7",
  "square · lease/all-blank": "5296b sha256:18b09af2d8719866",
  "square · lease/overridden": "8719b sha256:8105d40a93b62582",
  "square · lease/placeholders": "8720b sha256:e2a18479d72c4d5b",
  "square · lease/template-defaults": "8720b sha256:2be8f643c1c09ff3",
  "square · sales_price/all-blank": "5292b sha256:dc3ca76296bc9416",
  "square · sales_price/overridden": "8696b sha256:2b15343c43c93f56",
  "square · sales_price/placeholders": "8693b sha256:a21e95379fd440b7",
  "square · sales_price/template-defaults": "8693b sha256:7e5ec561e3c2dec1",
  "square · unrecognized/all-blank": "5304b sha256:2863522f3c35dbda",
  "square · unrecognized/overridden": "8714b sha256:d9428231c5f902cd",
  "square · unrecognized/placeholders": "8155b sha256:05b8334e9227e407",
  "square · unrecognized/template-defaults": "8715b sha256:2f8e65f8890206c7",
  "story · apr/all-blank": "5312b sha256:bdec2489c19e7296",
  "story · apr/overridden": "8775b sha256:a76a1fc5aa02704e",
  "story · apr/placeholders": "8764b sha256:d33e3b47be306f5f",
  "story · apr/template-defaults": "8764b sha256:c90cf1340629c007",
  "story · custom/all-blank": "5332b sha256:7b2c650dd2d17373",
  "story · custom/overridden": "8798b sha256:3e8a5543371d4b4c",
  "story · custom/placeholders": "8237b sha256:f3e8f410b86923fb",
  "story · custom/template-defaults": "8799b sha256:4287ceb7c22daefc",
  "story · discount/all-blank": "5317b sha256:f65461e692bb661b",
  "story · discount/overridden": "8779b sha256:e405f80db074ee57",
  "story · discount/placeholders": "8773b sha256:47153e913cf71db5",
  "story · discount/template-defaults": "8773b sha256:1a5dcf6f55e0699e",
  "story · empty/all-blank": "5332b sha256:7b2c650dd2d17373",
  "story · empty/overridden": "8798b sha256:3e8a5543371d4b4c",
  "story · empty/placeholders": "8237b sha256:f3e8f410b86923fb",
  "story · empty/template-defaults": "8799b sha256:4287ceb7c22daefc",
  "story · lease/all-blank": "5324b sha256:8cefa840cda06797",
  "story · lease/overridden": "8803b sha256:ac5dfb0d82e8bfbc",
  "story · lease/placeholders": "8804b sha256:8a44602688cd9790",
  "story · lease/template-defaults": "8804b sha256:3b2273e87813e520",
  "story · sales_price/all-blank": "5320b sha256:074d53b1c16a434f",
  "story · sales_price/overridden": "8780b sha256:4563326e007cb8bd",
  "story · sales_price/placeholders": "8777b sha256:e236cc0a2caf4685",
  "story · sales_price/template-defaults": "8777b sha256:e29afb792148d7a2",
  "story · unrecognized/all-blank": "5332b sha256:7b2c650dd2d17373",
  "story · unrecognized/overridden": "8798b sha256:3e8a5543371d4b4c",
  "story · unrecognized/placeholders": "8237b sha256:f3e8f410b86923fb",
  "story · unrecognized/template-defaults": "8799b sha256:4287ceb7c22daefc",
}
`;

exports[`vehicle template renders > singleOfferDoc is byte-stable across sizes and datasets 1`] = `
{
  "landscape · apr/all-blank": "5860b sha256:599e7531830fd1c0",
  "landscape · apr/overridden": "8761b sha256:555f4821bfa17f79",
  "landscape · apr/placeholders": "8750b sha256:fe0554acafb50a0b",
  "landscape · apr/template-defaults": "8750b sha256:45aa425cecc6d760",
  "landscape · custom/all-blank": "5330b sha256:d2e2e4898affd0ea",
  "landscape · custom/overridden": "8239b sha256:43df8a5cb9354a0d",
  "landscape · custom/placeholders": "7672b sha256:fa398b391c5e50bb",
  "landscape · custom/template-defaults": "8240b sha256:b5c02f275dc8a9c3",
  "landscape · discount/all-blank": "5869b sha256:76b3efe67bce32eb",
  "landscape · discount/overridden": "8769b sha256:5a8228b7f64fc87c",
  "landscape · discount/placeholders": "8763b sha256:e8c5a74114217149",
  "landscape · discount/template-defaults": "8763b sha256:ca1b12641ed875a1",
  "landscape · empty/all-blank": "5330b sha256:d2e2e4898affd0ea",
  "landscape · empty/overridden": "8239b sha256:43df8a5cb9354a0d",
  "landscape · empty/placeholders": "7672b sha256:fa398b391c5e50bb",
  "landscape · empty/template-defaults": "8240b sha256:b5c02f275dc8a9c3",
  "landscape · lease/all-blank": "5876b sha256:d5a5fff2b3d5c853",
  "landscape · lease/overridden": "8790b sha256:43f5462be1561094",
  "landscape · lease/placeholders": "8791b sha256:c753781d470bc59a",
  "landscape · lease/template-defaults": "8791b sha256:7bbf1606c82e8783",
  "landscape · sales_price/all-blank": "5872b sha256:3ab697392a4ccba9",
  "landscape · sales_price/overridden": "8770b sha256:c3019f08736f877b",
  "landscape · sales_price/placeholders": "8767b sha256:89889df997d05760",
  "landscape · sales_price/template-defaults": "8767b sha256:49c6ef90b229f14c",
  "landscape · unrecognized/all-blank": "5330b sha256:d2e2e4898affd0ea",
  "landscape · unrecognized/overridden": "8239b sha256:43df8a5cb9354a0d",
  "landscape · unrecognized/placeholders": "7672b sha256:fa398b391c5e50bb",
  "landscape · unrecognized/template-defaults": "8240b sha256:b5c02f275dc8a9c3",
  "square · apr/all-blank": "5823b sha256:a9ea674b150dabb6",
  "square · apr/overridden": "8670b sha256:c46c953cef5ca285",
  "square · apr/placeholders": "8659b sha256:20da86e5d720d2cd",
  "square · apr/template-defaults": "8659b sha256:ce67f41268917177",
  "square · custom/all-blank": "5306b sha256:1569b95eb8110bd6",
  "square · custom/overridden": "8161b sha256:3d0f0b716e81e09a",
  "square · custom/placeholders": "7610b sha256:2e1d1c2dff84fa7b",
  "square · custom/template-defaults": "8162b sha256:c0f96df71959897a",
  "square · discount/all-blank": "5846b sha256:bdc48e3d6b34e42a",
  "square · discount/overridden": "8692b sha256:29019b8aa8f599c6",
  "square · discount/placeholders": "8686b sha256:538ec57a8fda14da",
  "square · discount/template-defaults": "8686b sha256:4e90e2fb27e2a7cb",
  "square · empty/all-blank": "5306b sha256:1569b95eb8110bd6",
  "square · empty/overridden": "8161b sha256:3d0f0b716e81e09a",
  "square · empty/placeholders": "7610b sha256:2e1d1c2dff84fa7b",
  "square · empty/template-defaults": "8162b sha256:c0f96df71959897a",
  "square · lease/all-blank": "5853b sha256:b2bb4b2eb2e54b6b",
  "square · lease/overridden": "8713b sha256:43a1064a445ad18c",
  "square · lease/placeholders": "8714b sha256:6cfecaa9e979cc5b",
  "square · lease/template-defaults": "8714b sha256:da485a9a6958f949",
  "square · sales_price/all-blank": "5849b sha256:200991671fa3e831",
  "square · sales_price/overridden": "8693b sha256:7ee25a106cdc3bf4",
  "square · sales_price/placeholders": "8690b sha256:3e37377591753280",
  "square · sales_price/template-defaults": "8690b sha256:f5d09631b30b38d5",
  "square · unrecognized/all-blank": "5306b sha256:1569b95eb8110bd6",
  "square · unrecognized/overridden": "8161b sha256:3d0f0b716e81e09a",
  "square · unrecognized/placeholders": "7610b sha256:2e1d1c2dff84fa7b",
  "square · unrecognized/template-defaults": "8162b sha256:c0f96df71959897a",
  "story · apr/all-blank": "5878b sha256:e85b2c0d400ed649",
  "story · apr/overridden": "8842b sha256:084c37436ecd31a5",
  "story · apr/placeholders": "8831b sha256:c2090dba73aa94ca",
  "story · apr/template-defaults": "8831b sha256:fcaa2d118dbae1ce",
  "story · custom/all-blank": "5335b sha256:f10639709af71d73",
  "story · custom/overridden": "8307b sha256:11258ee4d8d1ee09",
  "story · custom/placeholders": "7726b sha256:7bb281582ea50658",
  "story · custom/template-defaults": "8308b sha256:14c174b6541b4091",
  "story · discount/all-blank": "5914b sha256:31765b14f611c0fc",
  "story · discount/overridden": "8877b sha256:48ca4da2c2ce5d94",
  "story · discount/placeholders": "8871b sha256:3e8d97df7e7d6583",
  "story · discount/template-defaults": "8871b sha256:98c7b0ba654e18cd",
  "story · empty/all-blank": "5335b sha256:f10639709af71d73",
  "story · empty/overridden": "8307b sha256:11258ee4d8d1ee09",
  "story · empty/placeholders": "7726b sha256:7bb281582ea50658",
  "story · empty/template-defaults": "8308b sha256:14c174b6541b4091",
  "story · lease/all-blank": "5921b sha256:262a78f22fcf8fcd",
  "story · lease/overridden": "8898b sha256:30aae4d18a8b3e24",
  "story · lease/placeholders": "8899b sha256:019ce32e65dd5f4f",
  "story · lease/template-defaults": "8899b sha256:73f5640263186823",
  "story · sales_price/all-blank": "5917b sha256:abc99a258f623aa9",
  "story · sales_price/overridden": "8878b sha256:0ec89ce708180dfa",
  "story · sales_price/placeholders": "8875b sha256:5527d2cc98e9623a",
  "story · sales_price/template-defaults": "8875b sha256:200a33a896c2e57e",
  "story · unrecognized/all-blank": "5335b sha256:f10639709af71d73",
  "story · unrecognized/overridden": "8307b sha256:11258ee4d8d1ee09",
  "story · unrecognized/placeholders": "7726b sha256:7bb281582ea50658",
  "story · unrecognized/template-defaults": "8308b sha256:14c174b6541b4091",
}
`;

exports[`vehicle template renders > vehicle-dual-offer is byte-stable across sizes and datasets 1`] = `
{
  "landscape · apr/all-blank": "3065b sha256:c729ea9b748f73d9",
  "landscape · apr/overridden": "3641b sha256:8505fb7a84272d24",
  "landscape · apr/placeholders": "3630b sha256:5e18cb52dccb3b5c",
  "landscape · apr/template-defaults": "3630b sha256:03f1284f34f4e277",
  "landscape · custom/all-blank": "3077b sha256:0b7d652ff6b27ce0",
  "landscape · custom/overridden": "3664b sha256:7cb3b2c8bc40fa63",
  "landscape · custom/placeholders": "3529b sha256:25cbeac50c2355dd",
  "landscape · custom/template-defaults": "3659b sha256:90f919013585e943",
  "landscape · discount/all-blank": "3070b sha256:5c9185e7558de3eb",
  "landscape · discount/overridden": "3645b sha256:3f72a5d1ca49bbd4",
  "landscape · discount/placeholders": "3639b sha256:cb5c48eb61b4a7e5",
  "landscape · discount/template-defaults": "3639b sha256:140ffb636168892b",
  "landscape · empty/all-blank": "3077b sha256:0b7d652ff6b27ce0",
  "landscape · empty/overridden": "3664b sha256:7cb3b2c8bc40fa63",
  "landscape · empty/placeholders": "3529b sha256:25cbeac50c2355dd",
  "landscape · empty/template-defaults": "3659b sha256:90f919013585e943",
  "landscape · lease/all-blank": "3077b sha256:6500f7246a482857",
  "landscape · lease/overridden": "3669b sha256:35c63be3ed7a601e",
  "landscape · lease/placeholders": "3670b sha256:c87a2f41009a6ce4",
  "landscape · lease/template-defaults": "3670b sha256:ecd96416ba4f5b78",
  "landscape · sales_price/all-blank": "3073b sha256:b5196529fee2740b",
  "landscape · sales_price/overridden": "3646b sha256:6907aaad36507d07",
  "landscape · sales_price/placeholders": "3643b sha256:724b639f9b78530a",
  "landscape · sales_price/template-defaults": "3643b sha256:67fa0f617fe69771",
  "landscape · unrecognized/all-blank": "3077b sha256:0b7d652ff6b27ce0",
  "landscape · unrecognized/overridden": "3664b sha256:7cb3b2c8bc40fa63",
  "landscape · unrecognized/placeholders": "3529b sha256:25cbeac50c2355dd",
  "landscape · unrecognized/template-defaults": "3659b sha256:90f919013585e943",
  "square · apr/all-blank": "2808b sha256:70e70c9779eb29fc",
  "square · apr/overridden": "3339b sha256:d6f7e5f95fe09078",
  "square · apr/placeholders": "3328b sha256:7c05aba26736d335",
  "square · apr/template-defaults": "3328b sha256:ea2364e8a34ad62c",
  "square · custom/all-blank": "2820b sha256:8e5164ada2b4d2ab",
  "square · custom/overridden": "3362b sha256:0ca2616e2225e34f",
  "square · custom/placeholders": "3243b sha256:e421cef3c63b1ff4",
  "square · custom/template-defaults": "3357b sha256:8a31bb14579db769",
  "square · discount/all-blank": "2813b sha256:93e644fd3d531e1f",
  "square · discount/overridden": "3343b sha256:63c8b092be4fc1a1",
  "square · discount/placeholders": "3337b sha256:c33b51da18dd7d5a",
  "square · discount/template-defaults": "3337b sha256:20aabdc5eb8adacc",
  "square · empty/all-blank": "2820b sha256:8e5164ada2b4d2ab",
  "square · empty/overridden": "3362b sha256:0ca2616e2225e34f",
  "square · empty/placeholders": "3243b sha256:e421cef3c63b1ff4",
  "square · empty/template-defaults": "3357b sha256:8a31bb14579db769",
  "square · lease/all-blank": "2820b sha256:5cc30285b2fc10d4",
  "square · lease/overridden": "3367b sha256:3dd9534aea913b01",
  "square · lease/placeholders": "3368b sha256:fccca2c671e08867",
  "square · lease/template-defaults": "3368b sha256:dd81f86e86a0fdcf",
  "square · sales_price/all-blank": "2816b sha256:530cb7f74d9a8a6a",
  "square · sales_price/overridden": "3344b sha256:99de238c3867f803",
  "square · sales_price/placeholders": "3341b sha256:488b96e465526dd6",
  "square · sales_price/template-defaults": "3341b sha256:ab0b6532291273e7",
  "square · unrecognized/all-blank": "2820b sha256:8e5164ada2b4d2ab",
  "square · unrecognized/overridden": "3362b sha256:0ca2616e2225e34f",
  "square · unrecognized/placeholders": "3243b sha256:e421cef3c63b1ff4",
  "square · unrecognized/template-defaults": "3357b sha256:8a31bb14579db769",
  "story · apr/all-blank": "2793b sha256:729a21424957a594",
  "story · apr/overridden": "3324b sha256:ef1bab39f4cad511",
  "story · apr/placeholders": "3313b sha256:84249e513a9a0991",
  "story · apr/template-defaults": "3313b sha256:f10a6b36bb4dca62",
  "story · custom/all-blank": "2805b sha256:8905890d1694cf05",
  "story · custom/overridden": "3347b sha256:f19b3b12754cb112",
  "story · custom/placeholders": "3228b sha256:01412dcc8a58c4fc",
  "story · custom/template-defaults": "3342b sha256:324ca2bbea97fcb2",
  "story · discount/all-blank": "2798b sha256:62408ec09472ab9a",
  "story · discount/overridden": "3328b sha256:80dc45289a32d6af",
  "story · discount/placeholders": "3322b sha256:606f122b1df74dea",
  "story · discount/template-defaults": "3322b sha256:7bb1ef0b7806d655",
  "story · empty/all-blank": "2805b sha256:8905890d1694cf05",
  "story · empty/overridden": "3347b sha256:f19b3b12754cb112",
  "story · empty/placeholders": "3228b sha256:01412dcc8a58c4fc",
  "story · empty/template-defaults": "3342b sha256:324ca2bbea97fcb2",
  "story · lease/all-blank": "2805b sha256:7d5e2b372fa55d95",
  "story · lease/overridden": "3352b sha256:160f2c3650956d2e",
  "story · lease/placeholders": "3353b sha256:a54a921b4a8b20da",
  "story · lease/template-defaults": "3353b sha256:949905c2b0de4050",
  "story · sales_price/all-blank": "2801b sha256:8efe90cd59e2b076",
  "story · sales_price/overridden": "3329b sha256:faea270770ac3ccb",
  "story · sales_price/placeholders": "3326b sha256:c40ef66e2b521bc9",
  "story · sales_price/template-defaults": "3326b sha256:d03434ec68b6bde8",
  "story · unrecognized/all-blank": "2805b sha256:8905890d1694cf05",
  "story · unrecognized/overridden": "3347b sha256:f19b3b12754cb112",
  "story · unrecognized/placeholders": "3228b sha256:01412dcc8a58c4fc",
  "story · unrecognized/template-defaults": "3342b sha256:324ca2bbea97fcb2",
}
`;

exports[`vehicle template renders > vehicle-offer is byte-stable across sizes and datasets 1`] = `
{
  "landscape · apr/all-blank": "2382b sha256:a8e1880676b5906b",
  "landscape · apr/overridden": "2804b sha256:d384138e82e7717d",
  "landscape · apr/placeholders": "2793b sha256:53be52c399a0d6f0",
  "landscape · apr/template-defaults": "2793b sha256:ea0fb9f789b174d0",
  "landscape · custom/all-blank": "2427b sha256:f3b9b8e1ac752f95",
  "landscape · custom/overridden": "2827b sha256:12229b510e2d1728",
  "landscape · custom/placeholders": "2824b sha256:40e129648f34d515",
  "landscape · custom/template-defaults": "2822b sha256:fc6dcd66834a11ea",
  "landscape · discount/all-blank": "2387b sha256:fb70bd4e9b9b9cca",
  "landscape · discount/overridden": "2808b sha256:8934692166af3a59",
  "landscape · discount/placeholders": "2802b sha256:6dc1a4f8ad46339b",
  "landscape · discount/template-defaults": "2802b sha256:857f4a6096bbd059",
  "landscape · empty/all-blank": "2427b sha256:f3b9b8e1ac752f95",
  "landscape · empty/overridden": "2827b sha256:12229b510e2d1728",
  "landscape · empty/placeholders": "2824b sha256:40e129648f34d515",
  "landscape · empty/template-defaults": "2822b sha256:fc6dcd66834a11ea",
  "landscape · lease/all-blank": "2394b sha256:de037e2749b9126c",
  "landscape · lease/overridden": "2832b sha256:79b459a36df89225",
  "landscape · lease/placeholders": "2833b sha256:83411f6bb8502eeb",
  "landscape · lease/template-defaults": "2833b sha256:cae9af3498aa4650",
  "landscape · sales_price/all-blank": "2390b sha256:5bde15ff4587d724",
  "landscape · sales_price/overridden": "2809b sha256:3b9d1e97695258ea",
  "landscape · sales_price/placeholders": "2806b sha256:6519bdd275edf46a",
  "landscape · sales_price/template-defaults": "2806b sha256:1ae56497a2cbfc3c",
  "landscape · unrecognized/all-blank": "2427b sha256:f3b9b8e1ac752f95",
  "landscape · unrecognized/overridden": "2827b sha256:12229b510e2d1728",
  "landscape · unrecognized/placeholders": "2824b sha256:40e129648f34d515",
  "landscape · unrecognized/template-defaults": "2822b sha256:fc6dcd66834a11ea",
  "square · apr/all-blank": "2179b sha256:0a9b2ecf81cacb72",
  "square · apr/overridden": "2602b sha256:cf8216fa213bc938",
  "square · apr/placeholders": "2591b sha256:3c3fbc013aec6943",
  "square · apr/template-defaults": "2591b sha256:855fa69cd71d7801",
  "square · custom/all-blank": "2224b sha256:a0578023817273ad",
  "square · custom/overridden": "2625b sha256:e890de3faa44765b",
  "square · custom/placeholders": "2622b sha256:3d5fe7333a6b1d4e",
  "square · custom/template-defaults": "2620b sha256:1431979fab80dc42",
  "square · discount/all-blank": "2184b sha256:3272d481d12262bf",
  "square · discount/overridden": "2606b sha256:66e6242686b4957c",
  "square · discount/placeholders": "2600b sha256:f7c74164527069ed",
  "square · discount/template-defaults": "2600b sha256:586c18de1427868f",
  "square · empty/all-blank": "2224b sha256:a0578023817273ad",
  "square · empty/overridden": "2625b sha256:e890de3faa44765b",
  "square · empty/placeholders": "2622b sha256:3d5fe7333a6b1d4e",
  "square · empty/template-defaults": "2620b sha256:1431979fab80dc42",
  "square · lease/all-blank": "2191b sha256:9cbd563cb79c73ba",
  "square · lease/overridden": "2630b sha256:87e327c6b9690742",
  "square · lease/placeholders": "2631b sha256:0487d8ddb4a7ca0d",
  "square · lease/template-defaults": "2631b sha256:f0e57a6feec81e62",
  "square · sales_price/all-blank": "2187b sha256:4f4d15a7aca27d73",
  "square · sales_price/overridden": "2607b sha256:935a0391d8e27689",
  "square · sales_price/placeholders": "2604b sha256:62e4acef9219f025",
  "square · sales_price/template-defaults": "2604b sha256:ca58f3d7e4ac4189",
  "square · unrecognized/all-blank": "2224b sha256:a0578023817273ad",
  "square · unrecognized/overridden": "2625b sha256:e890de3faa44765b",
  "square · unrecognized/placeholders": "2622b sha256:3d5fe7333a6b1d4e",
  "square · unrecognized/template-defaults": "2620b sha256:1431979fab80dc42",
  "story · apr/all-blank": "2179b sha256:483ee7fca5dfad10",
  "story · apr/overridden": "2602b sha256:de7b9849b4a76502",
  "story · apr/placeholders": "2591b sha256:2281b52239f2c055",
  "story · apr/template-defaults": "2591b sha256:9333c077b14f8669",
  "story · custom/all-blank": "2224b sha256:cd065e7f36eef7d2",
  "story · custom/overridden": "2625b sha256:46f76bbdf1637bbe",
  "story · custom/placeholders": "2622b sha256:83b1ae07403b41ff",
  "story · custom/template-defaults": "2620b sha256:c51fd2198d249fef",
  "story · discount/all-blank": "2184b sha256:cf9245ea54e82455",
  "story · discount/overridden": "2606b sha256:66909d05891ee9eb",
  "story · discount/placeholders": "2600b sha256:947dac92f4479323",
  "story · discount/template-defaults": "2600b sha256:3a12efde94b4c454",
  "story · empty/all-blank": "2224b sha256:cd065e7f36eef7d2",
  "story · empty/overridden": "2625b sha256:46f76bbdf1637bbe",
  "story · empty/placeholders": "2622b sha256:83b1ae07403b41ff",
  "story · empty/template-defaults": "2620b sha256:c51fd2198d249fef",
  "story · lease/all-blank": "2191b sha256:2c74c8a9bbde1254",
  "story · lease/overridden": "2630b sha256:e9eb9a055ab18763",
  "story · lease/placeholders": "2631b sha256:ed46125c26a05596",
  "story · lease/template-defaults": "2631b sha256:240c6373531161fb",
  "story · sales_price/all-blank": "2187b sha256:e44e521c53a6d61b",
  "story · sales_price/overridden": "2607b sha256:eadd184cf499c0c4",
  "story · sales_price/placeholders": "2604b sha256:65c6765a300629fa",
  "story · sales_price/template-defaults": "2604b sha256:6e26a30e44312d0d",
  "story · unrecognized/all-blank": "2224b sha256:cd065e7f36eef7d2",
  "story · unrecognized/overridden": "2625b sha256:46f76bbdf1637bbe",
  "story · unrecognized/placeholders": "2622b sha256:83b1ae07403b41ff",
  "story · unrecognized/template-defaults": "2620b sha256:c51fd2198d249fef",
}
`;
