// Vitest Snapshot v1, https://vitest.dev/guide/snapshot.html

exports[`vehicle offer block assembly > is unchanged across every offer type and dataset 1`] = `
{
  "apr/all-blank": {
    "currency": "",
    "label": "APR",
    "main": "—",
    "percent": "%",
    "prose": "—",
    "terms": "",
    "value": "—",
  },
  "apr/all-blank (o2_)": {
    "currency": "",
    "label": "APR",
    "main": "0%",
    "percent": "%",
    "prose": "0% APR",
    "terms": "for 60 months",
    "value": "0",
  },
  "apr/overridden": {
    "currency": "",
    "label": "DRIVE HOME FOR",
    "main": "1.9%",
    "percent": "%",
    "prose": "1.9% APR",
    "terms": "for 60 months",
    "value": "1.9",
  },
  "apr/overridden (o2_)": {
    "currency": "",
    "label": "APR",
    "main": "0%",
    "percent": "%",
    "prose": "0% APR",
    "terms": "for 60 months",
    "value": "0",
  },
  "apr/placeholders": {
    "currency": "",
    "label": "APR",
    "main": "X.X%",
    "percent": "%",
    "prose": "X.X% APR",
    "terms": "for XX months",
    "value": "X.X",
  },
  "apr/placeholders (o2_)": {
    "currency": "",
    "label": "APR",
    "main": "0%",
    "percent": "%",
    "prose": "0% APR",
    "terms": "for 60 months",
    "value": "0",
  },
  "apr/template-defaults": {
    "currency": "",
    "label": "APR",
    "main": "1.9%",
    "percent": "%",
    "prose": "1.9% APR",
    "terms": "for 60 months",
    "value": "1.9",
  },
  "apr/template-defaults (o2_)": {
    "currency": "",
    "label": "APR",
    "main": "0%",
    "percent": "%",
    "prose": "0% APR",
    "terms": "for 60 months",
    "value": "0",
  },
  "custom/all-blank": null,
  "custom/all-blank (o2_)": {
    "currency": "",
    "label": "APR",
    "main": "0%",
    "percent": "%",
    "prose": "0% APR",
    "terms": "for 60 months",
    "value": "0",
  },
  "custom/overridden": null,
  "custom/overridden (o2_)": {
    "currency": "",
    "label": "APR",
    "main": "0%",
    "percent": "%",
    "prose": "0% APR",
    "terms": "for 60 months",
    "value": "0",
  },
  "custom/placeholders": null,
  "custom/placeholders (o2_)": {
    "currency": "",
    "label": "APR",
    "main": "0%",
    "percent": "%",
    "prose": "0% APR",
    "terms": "for 60 months",
    "value": "0",
  },
  "custom/template-defaults": null,
  "custom/template-defaults (o2_)": {
    "currency": "",
    "label": "APR",
    "main": "0%",
    "percent": "%",
    "prose": "0% APR",
    "terms": "for 60 months",
    "value": "0",
  },
  "discount/all-blank": {
    "currency": "$",
    "label": "OFF MSRP",
    "main": "—",
    "percent": "",
    "prose": "—",
    "terms": "",
    "value": "—",
  },
  "discount/all-blank (o2_)": {
    "currency": "",
    "label": "APR",
    "main": "0%",
    "percent": "%",
    "prose": "0% APR",
    "terms": "for 60 months",
    "value": "0",
  },
  "discount/overridden": {
    "currency": "$",
    "label": "DRIVE HOME FOR",
    "main": "$3,000",
    "percent": "",
    "prose": "$3,000",
    "terms": "MSRP of $34,000",
    "value": "3,000",
  },
  "discount/overridden (o2_)": {
    "currency": "",
    "label": "APR",
    "main": "0%",
    "percent": "%",
    "prose": "0% APR",
    "terms": "for 60 months",
    "value": "0",
  },
  "discount/placeholders": {
    "currency": "$",
    "label": "OFF MSRP",
    "main": "$X,XXX",
    "percent": "",
    "prose": "$X,XXX",
    "terms": "MSRP of $XX,XXX",
    "value": "X,XXX",
  },
  "discount/placeholders (o2_)": {
    "currency": "",
    "label": "APR",
    "main": "0%",
    "percent": "%",
    "prose": "0% APR",
    "terms": "for 60 months",
    "value": "0",
  },
  "discount/template-defaults": {
    "currency": "$",
    "label": "OFF MSRP",
    "main": "$3,000",
    "percent": "",
    "prose": "$3,000",
    "terms": "MSRP of $34,000",
    "value": "3,000",
  },
  "discount/template-defaults (o2_)": {
    "currency": "",
    "label": "APR",
    "main": "0%",
    "percent": "%",
    "prose": "0% APR",
    "terms": "for 60 months",
    "value": "0",
  },
  "empty/all-blank": null,
  "empty/all-blank (o2_)": {
    "currency": "",
    "label": "APR",
    "main": "0%",
    "percent": "%",
    "prose": "0% APR",
    "terms": "for 60 months",
    "value": "0",
  },
  "empty/overridden": null,
  "empty/overridden (o2_)": {
    "currency": "",
    "label": "APR",
    "main": "0%",
    "percent": "%",
    "prose": "0% APR",
    "terms": "for 60 months",
    "value": "0",
  },
  "empty/placeholders": null,
  "empty/placeholders (o2_)": {
    "currency": "",
    "label": "APR",
    "main": "0%",
    "percent": "%",
    "prose": "0% APR",
    "terms": "for 60 months",
    "value": "0",
  },
  "empty/template-defaults": null,
  "empty/template-defaults (o2_)": {
    "currency": "",
    "label": "APR",
    "main": "0%",
    "percent": "%",
    "prose": "0% APR",
    "terms": "for 60 months",
    "value": "0",
  },
  "lease/all-blank": {
    "currency": "$",
    "label": "PER MONTH LEASE",
    "main": "—",
    "percent": "",
    "prose": "—",
    "terms": "",
    "value": "—",
  },
  "lease/all-blank (o2_)": {
    "currency": "",
    "label": "APR",
    "main": "0%",
    "percent": "%",
    "prose": "0% APR",
    "terms": "for 60 months",
    "value": "0",
  },
  "lease/overridden": {
    "currency": "$",
    "label": "DRIVE HOME FOR",
    "main": "$299/mo",
    "percent": "",
    "prose": "$299/mo",
    "terms": "36-month lease · $2,999 due at signing",
    "value": "299",
  },
  "lease/overridden (o2_)": {
    "currency": "",
    "label": "APR",
    "main": "0%",
    "percent": "%",
    "prose": "0% APR",
    "terms": "for 60 months",
    "value": "0",
  },
  "lease/placeholders": {
    "currency": "$",
    "label": "PER MONTH LEASE",
    "main": "$XXX/mo",
    "percent": "",
    "prose": "$XXX/mo",
    "terms": "XX-month lease · $X,XXX due at signing",
    "value": "XXX",
  },
  "lease/placeholders (o2_)": {
    "currency": "",
    "label": "APR",
    "main": "0%",
    "percent": "%",
    "prose": "0% APR",
    "terms": "for 60 months",
    "value": "0",
  },
  "lease/template-defaults": {
    "currency": "$",
    "label": "PER MONTH LEASE",
    "main": "$299/mo",
    "percent": "",
    "prose": "$299/mo",
    "terms": "36-month lease · $2,999 due at signing",
    "value": "299",
  },
  "lease/template-defaults (o2_)": {
    "currency": "",
    "label": "APR",
    "main": "0%",
    "percent": "%",
    "prose": "0% APR",
    "terms": "for 60 months",
    "value": "0",
  },
  "sales_price/all-blank": {
    "currency": "$",
    "label": "SALES PRICE",
    "main": "—",
    "percent": "",
    "prose": "—",
    "terms": "",
    "value": "—",
  },
  "sales_price/all-blank (o2_)": {
    "currency": "",
    "label": "APR",
    "main": "0%",
    "percent": "%",
    "prose": "0% APR",
    "terms": "for 60 months",
    "value": "0",
  },
  "sales_price/overridden": {
    "currency": "$",
    "label": "DRIVE HOME FOR",
    "main": "$28,995",
    "percent": "",
    "prose": "$28,995",
    "terms": "MSRP of $34,000",
    "value": "28,995",
  },
  "sales_price/overridden (o2_)": {
    "currency": "",
    "label": "APR",
    "main": "0%",
    "percent": "%",
    "prose": "0% APR",
    "terms": "for 60 months",
    "value": "0",
  },
  "sales_price/placeholders": {
    "currency": "$",
    "label": "SALES PRICE",
    "main": "$XX,XXX",
    "percent": "",
    "prose": "$XX,XXX",
    "terms": "MSRP of $XX,XXX",
    "value": "XX,XXX",
  },
  "sales_price/placeholders (o2_)": {
    "currency": "",
    "label": "APR",
    "main": "0%",
    "percent": "%",
    "prose": "0% APR",
    "terms": "for 60 months",
    "value": "0",
  },
  "sales_price/template-defaults": {
    "currency": "$",
    "label": "SALES PRICE",
    "main": "$28,995",
    "percent": "",
    "prose": "$28,995",
    "terms": "MSRP of $34,000",
    "value": "28,995",
  },
  "sales_price/template-defaults (o2_)": {
    "currency": "",
    "label": "APR",
    "main": "0%",
    "percent": "%",
    "prose": "0% APR",
    "terms": "for 60 months",
    "value": "0",
  },
  "unrecognized/all-blank": null,
  "unrecognized/all-blank (o2_)": {
    "currency": "",
    "label": "APR",
    "main": "0%",
    "percent": "%",
    "prose": "0% APR",
    "terms": "for 60 months",
    "value": "0",
  },
  "unrecognized/overridden": null,
  "unrecognized/overridden (o2_)": {
    "currency": "",
    "label": "APR",
    "main": "0%",
    "percent": "%",
    "prose": "0% APR",
    "terms": "for 60 months",
    "value": "0",
  },
  "unrecognized/placeholders": null,
  "unrecognized/placeholders (o2_)": {
    "currency": "",
    "label": "APR",
    "main": "0%",
    "percent": "%",
    "prose": "0% APR",
    "terms": "for 60 months",
    "value": "0",
  },
  "unrecognized/template-defaults": null,
  "unrecognized/template-defaults (o2_)": {
    "currency": "",
    "label": "APR",
    "main": "0%",
    "percent": "%",
    "prose": "0% APR",
    "terms": "for 60 months",
    "value": "0",
  },
}
`;

exports[`vehicle template renders > covers every template and size the vehicle kind ships 1`] = `
[
  "vehicle-offer:3",
  "vehicle-dual-offer:3",
  "singleOfferDoc:3",
  "dualOfferDoc:3",
]
`;

exports[`vehicle template renders > dualOfferDoc is byte-stable across sizes and datasets 1`] = `
{
  "landscape · apr/all-blank": "3625b sha256:ba005049357ef246",
  "landscape · apr/overridden": "7032b sha256:1daae324a7ef5ec6",
  "landscape · apr/placeholders": "7021b sha256:b981a7dfa840f630",
  "landscape · apr/template-defaults": "7021b sha256:aec605735957b630",
  "landscape · custom/all-blank": "3645b sha256:9f7b1b2f9bfae7d6",
  "landscape · custom/overridden": "7055b sha256:0f609cca96ea27d0",
  "landscape · custom/placeholders": "6497b sha256:41626e1fda9b5f39",
  "landscape · custom/template-defaults": "7056b sha256:38b4efa696874789",
  "landscape · discount/all-blank": "3630b sha256:6050ff0371b4e982",
  "landscape · discount/overridden": "7036b sha256:033a52bab64a069b",
  "landscape · discount/placeholders": "7030b sha256:9d64187bfc322eda",
  "landscape · discount/template-defaults": "7030b sha256:56e9dee74e7f0e55",
  "landscape · empty/all-blank": "3645b sha256:9f7b1b2f9bfae7d6",
  "landscape · empty/overridden": "7055b sha256:0f609cca96ea27d0",
  "landscape · empty/placeholders": "6497b sha256:41626e1fda9b5f39",
  "landscape · empty/template-defaults": "7056b sha256:38b4efa696874789",
  "landscape · lease/all-blank": "3637b sha256:8465e22a766e478d",
  "landscape · lease/overridden": "7060b sha256:66d016bedace588b",
  "landscape · lease/placeholders": "7061b sha256:73116bcc4aa55548",
  "landscape · lease/template-defaults": "7061b sha256:169fa899f972e945",
  "landscape · sales_price/all-blank": "3633b sha256:ba56d18464216697",
  "landscape · sales_price/overridden": "7037b sha256:1d8c7b4da1814fa7",
  "landscape · sales_price/placeholders": "7034b sha256:51e28400c3b48018",
  "landscape · sales_price/template-defaults": "7034b sha256:b3a21c0f4055ab16",
  "landscape · unrecognized/all-blank": "3645b sha256:9f7b1b2f9bfae7d6",
  "landscape · unrecognized/overridden": "7055b sha256:0f609cca96ea27d0",
  "landscape · unrecognized/placeholders": "6497b sha256:41626e1fda9b5f39",
  "landscape · unrecognized/template-defaults": "7056b sha256:38b4efa696874789",
  "square · apr/all-blank": "3632b sha256:ef879e6453c6b041",
  "square · apr/overridden": "7039b sha256:a1a929350248ec32",
  "square · apr/placeholders": "7028b sha256:ef28c1a341e24cad",
  "square · apr/template-defaults": "7028b sha256:8599fa69293d40a8",
  "square · custom/all-blank": "3652b sha256:32b1f338ae0bba96",
  "square · custom/overridden": "7062b sha256:7d75b78dac641242",
  "square · custom/placeholders": "6503b sha256:321d6602f9e73dca",
  "square · custom/template-defaults": "7063b sha256:620ec7779e5e8828",
  "square · discount/all-blank": "3637b sha256:4b9c99a5b3f6a412",
  "square · discount/overridden": "7043b sha256:93e4bbf4f305904e",
  "square · discount/placeholders": "7037b sha256:8335b347c79cdcfe",
  "square · discount/template-defaults": "7037b sha256:a26afafca5c154f9",
  "square · empty/all-blank": "3652b sha256:32b1f338ae0bba96",
  "square · empty/overridden": "7062b sha256:7d75b78dac641242",
  "square · empty/placeholders": "6503b sha256:321d6602f9e73dca",
  "square · empty/template-defaults": "7063b sha256:620ec7779e5e8828",
  "square · lease/all-blank": "3644b sha256:84c0677cd1d13e1d",
  "square · lease/overridden": "7067b sha256:f81a9f9490a8fa50",
  "square · lease/placeholders": "7068b sha256:2c5bfd0f6c0e2d01",
  "square · lease/template-defaults": "7068b sha256:3283603e4d02cc4f",
  "square · sales_price/all-blank": "3640b sha256:646648789c3f523b",
  "square · sales_price/overridden": "7044b sha256:fef3ca282332ee90",
  "square · sales_price/placeholders": "7041b sha256:2692f11427488c3e",
  "square · sales_price/template-defaults": "7041b sha256:da3b594906c1f3f9",
  "square · unrecognized/all-blank": "3652b sha256:32b1f338ae0bba96",
  "square · unrecognized/overridden": "7062b sha256:7d75b78dac641242",
  "square · unrecognized/placeholders": "6503b sha256:321d6602f9e73dca",
  "square · unrecognized/template-defaults": "7063b sha256:620ec7779e5e8828",
  "story · apr/all-blank": "3660b sha256:24259969aac709c0",
  "story · apr/overridden": "7123b sha256:27d47edde0541625",
  "story · apr/placeholders": "7112b sha256:e0547c79a5b587d4",
  "story · apr/template-defaults": "7112b sha256:d457fdf69514ad04",
  "story · custom/all-blank": "3680b sha256:a51a367a00f79729",
  "story · custom/overridden": "7146b sha256:79f932b200484f25",
  "story · custom/placeholders": "6585b sha256:ac9c9a289342cc11",
  "story · custom/template-defaults": "7147b sha256:117863678f630979",
  "story · discount/all-blank": "3665b sha256:5bd18e9ef2097847",
  "story · discount/overridden": "7127b sha256:8e32324e39c70f0b",
  "story · discount/placeholders": "7121b sha256:3ca3f811045e7a2f",
  "story · discount/template-defaults": "7121b sha256:4b5740c142493e66",
  "story · empty/all-blank": "3680b sha256:a51a367a00f79729",
  "story · empty/overridden": "7146b sha256:79f932b200484f25",
  "story · empty/placeholders": "6585b sha256:ac9c9a289342cc11",
  "story · empty/template-defaults": "7147b sha256:117863678f630979",
  "story · lease/all-blank": "3672b sha256:74cbc3dee8f0ddd0",
  "story · lease/overridden": "7151b sha256:279b0c52d859eff3",
  "story · lease/placeholders": "7152b sha256:c6083e4de60a6913",
  "story · lease/template-defaults": "7152b sha256:d6d66fe205f192e7",
  "story · sales_price/all-blank": "3668b sha256:b04aee3d51fafc21",
  "story · sales_price/overridden": "7128b sha256:90bce9d43799ac85",
  "story · sales_price/placeholders": "7125b sha256:eb2941f5d4ab9c11",
  "story · sales_price/template-defaults": "7125b sha256:ee61354b3ef08378",
  "story · unrecognized/all-blank": "3680b sha256:a51a367a00f79729",
  "story · unrecognized/overridden": "7146b sha256:79f932b200484f25",
  "story · unrecognized/placeholders": "6585b sha256:ac9c9a289342cc11",
  "story · unrecognized/template-defaults": "7147b sha256:117863678f630979",
}
`;

exports[`vehicle template renders > singleOfferDoc is byte-stable across sizes and datasets 1`] = `
{
  "landscape · apr/all-blank": "4208b sha256:02ea897c3b2d8096",
  "landscape · apr/overridden": "7109b sha256:c4f7239bf026a20e",
  "landscape · apr/placeholders": "7098b sha256:56b4b8cfcc9ec1fe",
  "landscape · apr/template-defaults": "7098b sha256:72b5539a4b178c1e",
  "landscape · custom/all-blank": "3678b sha256:1cadcc1a4bdc3766",
  "landscape · custom/overridden": "6587b sha256:acb482de4fd5648b",
  "landscape · custom/placeholders": "6020b sha256:41d618b91b3aa25d",
  "landscape · custom/template-defaults": "6588b sha256:cb2c9028b4b30ede",
  "landscape · discount/all-blank": "4217b sha256:b7396e460e5371f5",
  "landscape · discount/overridden": "7117b sha256:ee9037ecf6b075d2",
  "landscape · discount/placeholders": "7111b sha256:0dc7e069bee520a8",
  "landscape · discount/template-defaults": "7111b sha256:647dcf8887169371",
  "landscape · empty/all-blank": "3678b sha256:1cadcc1a4bdc3766",
  "landscape · empty/overridden": "6587b sha256:acb482de4fd5648b",
  "landscape · empty/placeholders": "6020b sha256:41d618b91b3aa25d",
  "landscape · empty/template-defaults": "6588b sha256:cb2c9028b4b30ede",
  "landscape · lease/all-blank": "4224b sha256:722c72e21ffda401",
  "landscape · lease/overridden": "7138b sha256:15ba0d609c5cdc8c",
  "landscape · lease/placeholders": "7139b sha256:f591f610a78d7358",
  "landscape · lease/template-defaults": "7139b sha256:23d0c6b06e6ffcb1",
  "landscape · sales_price/all-blank": "4220b sha256:f9048a302b972e44",
  "landscape · sales_price/overridden": "7118b sha256:48faaa34daee6ff7",
  "landscape · sales_price/placeholders": "7115b sha256:e17190033cb61def",
  "landscape · sales_price/template-defaults": "7115b sha256:30d34aff1e3e2d35",
  "landscape · unrecognized/all-blank": "3678b sha256:1cadcc1a4bdc3766",
  "landscape · unrecognized/overridden": "6587b sha256:acb482de4fd5648b",
  "landscape · unrecognized/placeholders": "6020b sha256:41d618b91b3aa25d",
  "landscape · unrecognized/template-defaults": "6588b sha256:cb2c9028b4b30ede",
  "square · apr/all-blank": "4171b sha256:0a29ed0460312dcf",
  "square · apr/overridden": "7018b sha256:d0b66c4cb636f77d",
  "square · apr/placeholders": "7007b sha256:7366e803623b9bb7",
  "square · apr/template-defaults": "7007b sha256:24f064c23b4c4466",
  "square · custom/all-blank": "3654b sha256:9312331673333b5f",
  "square · custom/overridden": "6509b sha256:a7db9f52d1b8301f",
  "square · custom/placeholders": "5958b sha256:897b3d1d6aa08b43",
  "square · custom/template-defaults": "6510b sha256:46eca71957bcbb0f",
  "square · discount/all-blank": "4194b sha256:8e5c81ccde33b962",
  "square · discount/overridden": "7040b sha256:b4c747bc709288aa",
  "square · discount/placeholders": "7034b sha256:092159b44a7b64b6",
  "square · discount/template-defaults": "7034b sha256:86a5d5ab43f64ecb",
  "square · empty/all-blank": "3654b sha256:9312331673333b5f",
  "square · empty/overridden": "6509b sha256:a7db9f52d1b8301f",
  "square · empty/placeholders": "5958b sha256:897b3d1d6aa08b43",
  "square · empty/template-defaults": "6510b sha256:46eca71957bcbb0f",
  "square · lease/all-blank": "4201b sha256:0749c44b0dbfbbd9",
  "square · lease/overridden": "7061b sha256:75670afd7a94ecb7",
  "square · lease/placeholders": "7062b sha256:4c47259dfed46023",
  "square · lease/template-defaults": "7062b sha256:42f028029514a3b1",
  "square · sales_price/all-blank": "4197b sha256:e31d0788c6d5049c",
  "square · sales_price/overridden": "7041b sha256:810d40ad602b35d2",
  "square · sales_price/placeholders": "7038b sha256:4798b58bbad3b071",
  "square · sales_price/template-defaults": "7038b sha256:91b59052e41d7053",
  "square · unrecognized/all-blank": "3654b sha256:9312331673333b5f",
  "square · unrecognized/overridden": "6509b sha256:a7db9f52d1b8301f",
  "square · unrecognized/placeholders": "5958b sha256:897b3d1d6aa08b43",
  "square · unrecognized/template-defaults": "6510b sha256:46eca71957bcbb0f",
  "story · apr/all-blank": "4226b sha256:d65d87fd7393d8ee",
  "story · apr/overridden": "7190b sha256:89f389c57e2e0e28",
  "story · apr/placeholders": "7179b sha256:6983d9b616f6acdf",
  "story · apr/template-defaults": "7179b sha256:5c36461004912a2e",
  "story · custom/all-blank": "3683b sha256:d249f22d05d9bf6e",
  "story · custom/overridden": "6655b sha256:86f278392a39818e",
  "story · custom/placeholders": "6074b sha256:0ad9c762abdbbefb",
  "story · custom/template-defaults": "6656b sha256:49cc772ef403bff4",
  "story · discount/all-blank": "4262b sha256:28732fd341a24599",
  "story · discount/overridden": "7225b sha256:408737a2680e0f4c",
  "story · discount/placeholders": "7219b sha256:5f3961a8b15b618d",
  "story · discount/template-defaults": "7219b sha256:e77776d464d2c6e4",
  "story · empty/all-blank": "3683b sha256:d249f22d05d9bf6e",
  "story · empty/overridden": "6655b sha256:86f278392a39818e",
  "story · empty/placeholders": "6074b sha256:0ad9c762abdbbefb",
  "story · empty/template-defaults": "6656b sha256:49cc772ef403bff4",
  "story · lease/all-blank": "4269b sha256:60ad81423eb79f24",
  "story · lease/overridden": "7246b sha256:f4dfe865894835f6",
  "story · lease/placeholders": "7247b sha256:c4b7bd04a1d64934",
  "story · lease/template-defaults": "7247b sha256:37ec269f4ff1e890",
  "story · sales_price/all-blank": "4265b sha256:813da1a674b713d7",
  "story · sales_price/overridden": "7226b sha256:aa806285336639e6",
  "story · sales_price/placeholders": "7223b sha256:bac3603d56629155",
  "story · sales_price/template-defaults": "7223b sha256:b9e974bf4889e655",
  "story · unrecognized/all-blank": "3683b sha256:d249f22d05d9bf6e",
  "story · unrecognized/overridden": "6655b sha256:86f278392a39818e",
  "story · unrecognized/placeholders": "6074b sha256:0ad9c762abdbbefb",
  "story · unrecognized/template-defaults": "6656b sha256:49cc772ef403bff4",
}
`;

exports[`vehicle template renders > vehicle-dual-offer is byte-stable across sizes and datasets 1`] = `
{
  "landscape · apr/all-blank": "3065b sha256:c729ea9b748f73d9",
  "landscape · apr/overridden": "3641b sha256:8505fb7a84272d24",
  "landscape · apr/placeholders": "3630b sha256:5e18cb52dccb3b5c",
  "landscape · apr/template-defaults": "3630b sha256:03f1284f34f4e277",
  "landscape · custom/all-blank": "3077b sha256:0b7d652ff6b27ce0",
  "landscape · custom/overridden": "3664b sha256:7cb3b2c8bc40fa63",
  "landscape · custom/placeholders": "3529b sha256:25cbeac50c2355dd",
  "landscape · custom/template-defaults": "3659b sha256:90f919013585e943",
  "landscape · discount/all-blank": "3070b sha256:5c9185e7558de3eb",
  "landscape · discount/overridden": "3645b sha256:3f72a5d1ca49bbd4",
  "landscape · discount/placeholders": "3639b sha256:cb5c48eb61b4a7e5",
  "landscape · discount/template-defaults": "3639b sha256:140ffb636168892b",
  "landscape · empty/all-blank": "3077b sha256:0b7d652ff6b27ce0",
  "landscape · empty/overridden": "3664b sha256:7cb3b2c8bc40fa63",
  "landscape · empty/placeholders": "3529b sha256:25cbeac50c2355dd",
  "landscape · empty/template-defaults": "3659b sha256:90f919013585e943",
  "landscape · lease/all-blank": "3077b sha256:6500f7246a482857",
  "landscape · lease/overridden": "3669b sha256:35c63be3ed7a601e",
  "landscape · lease/placeholders": "3670b sha256:c87a2f41009a6ce4",
  "landscape · lease/template-defaults": "3670b sha256:ecd96416ba4f5b78",
  "landscape · sales_price/all-blank": "3073b sha256:b5196529fee2740b",
  "landscape · sales_price/overridden": "3646b sha256:6907aaad36507d07",
  "landscape · sales_price/placeholders": "3643b sha256:724b639f9b78530a",
  "landscape · sales_price/template-defaults": "3643b sha256:67fa0f617fe69771",
  "landscape · unrecognized/all-blank": "3077b sha256:0b7d652ff6b27ce0",
  "landscape · unrecognized/overridden": "3664b sha256:7cb3b2c8bc40fa63",
  "landscape · unrecognized/placeholders": "3529b sha256:25cbeac50c2355dd",
  "landscape · unrecognized/template-defaults": "3659b sha256:90f919013585e943",
  "square · apr/all-blank": "2808b sha256:70e70c9779eb29fc",
  "square · apr/overridden": "3339b sha256:d6f7e5f95fe09078",
  "square · apr/placeholders": "3328b sha256:7c05aba26736d335",
  "square · apr/template-defaults": "3328b sha256:ea2364e8a34ad62c",
  "square · custom/all-blank": "2820b sha256:8e5164ada2b4d2ab",
  "square · custom/overridden": "3362b sha256:0ca2616e2225e34f",
  "square · custom/placeholders": "3243b sha256:e421cef3c63b1ff4",
  "square · custom/template-defaults": "3357b sha256:8a31bb14579db769",
  "square · discount/all-blank": "2813b sha256:93e644fd3d531e1f",
  "square · discount/overridden": "3343b sha256:63c8b092be4fc1a1",
  "square · discount/placeholders": "3337b sha256:c33b51da18dd7d5a",
  "square · discount/template-defaults": "3337b sha256:20aabdc5eb8adacc",
  "square · empty/all-blank": "2820b sha256:8e5164ada2b4d2ab",
  "square · empty/overridden": "3362b sha256:0ca2616e2225e34f",
  "square · empty/placeholders": "3243b sha256:e421cef3c63b1ff4",
  "square · empty/template-defaults": "3357b sha256:8a31bb14579db769",
  "square · lease/all-blank": "2820b sha256:5cc30285b2fc10d4",
  "square · lease/overridden": "3367b sha256:3dd9534aea913b01",
  "square · lease/placeholders": "3368b sha256:fccca2c671e08867",
  "square · lease/template-defaults": "3368b sha256:dd81f86e86a0fdcf",
  "square · sales_price/all-blank": "2816b sha256:530cb7f74d9a8a6a",
  "square · sales_price/overridden": "3344b sha256:99de238c3867f803",
  "square · sales_price/placeholders": "3341b sha256:488b96e465526dd6",
  "square · sales_price/template-defaults": "3341b sha256:ab0b6532291273e7",
  "square · unrecognized/all-blank": "2820b sha256:8e5164ada2b4d2ab",
  "square · unrecognized/overridden": "3362b sha256:0ca2616e2225e34f",
  "square · unrecognized/placeholders": "3243b sha256:e421cef3c63b1ff4",
  "square · unrecognized/template-defaults": "3357b sha256:8a31bb14579db769",
  "story · apr/all-blank": "2793b sha256:729a21424957a594",
  "story · apr/overridden": "3324b sha256:ef1bab39f4cad511",
  "story · apr/placeholders": "3313b sha256:84249e513a9a0991",
  "story · apr/template-defaults": "3313b sha256:f10a6b36bb4dca62",
  "story · custom/all-blank": "2805b sha256:8905890d1694cf05",
  "story · custom/overridden": "3347b sha256:f19b3b12754cb112",
  "story · custom/placeholders": "3228b sha256:01412dcc8a58c4fc",
  "story · custom/template-defaults": "3342b sha256:324ca2bbea97fcb2",
  "story · discount/all-blank": "2798b sha256:62408ec09472ab9a",
  "story · discount/overridden": "3328b sha256:80dc45289a32d6af",
  "story · discount/placeholders": "3322b sha256:606f122b1df74dea",
  "story · discount/template-defaults": "3322b sha256:7bb1ef0b7806d655",
  "story · empty/all-blank": "2805b sha256:8905890d1694cf05",
  "story · empty/overridden": "3347b sha256:f19b3b12754cb112",
  "story · empty/placeholders": "3228b sha256:01412dcc8a58c4fc",
  "story · empty/template-defaults": "3342b sha256:324ca2bbea97fcb2",
  "story · lease/all-blank": "2805b sha256:7d5e2b372fa55d95",
  "story · lease/overridden": "3352b sha256:160f2c3650956d2e",
  "story · lease/placeholders": "3353b sha256:a54a921b4a8b20da",
  "story · lease/template-defaults": "3353b sha256:949905c2b0de4050",
  "story · sales_price/all-blank": "2801b sha256:8efe90cd59e2b076",
  "story · sales_price/overridden": "3329b sha256:faea270770ac3ccb",
  "story · sales_price/placeholders": "3326b sha256:c40ef66e2b521bc9",
  "story · sales_price/template-defaults": "3326b sha256:d03434ec68b6bde8",
  "story · unrecognized/all-blank": "2805b sha256:8905890d1694cf05",
  "story · unrecognized/overridden": "3347b sha256:f19b3b12754cb112",
  "story · unrecognized/placeholders": "3228b sha256:01412dcc8a58c4fc",
  "story · unrecognized/template-defaults": "3342b sha256:324ca2bbea97fcb2",
}
`;

exports[`vehicle template renders > vehicle-offer is byte-stable across sizes and datasets 1`] = `
{
  "landscape · apr/all-blank": "2382b sha256:a8e1880676b5906b",
  "landscape · apr/overridden": "2804b sha256:d384138e82e7717d",
  "landscape · apr/placeholders": "2793b sha256:53be52c399a0d6f0",
  "landscape · apr/template-defaults": "2793b sha256:ea0fb9f789b174d0",
  "landscape · custom/all-blank": "2427b sha256:f3b9b8e1ac752f95",
  "landscape · custom/overridden": "2827b sha256:12229b510e2d1728",
  "landscape · custom/placeholders": "2824b sha256:40e129648f34d515",
  "landscape · custom/template-defaults": "2822b sha256:fc6dcd66834a11ea",
  "landscape · discount/all-blank": "2387b sha256:fb70bd4e9b9b9cca",
  "landscape · discount/overridden": "2808b sha256:8934692166af3a59",
  "landscape · discount/placeholders": "2802b sha256:6dc1a4f8ad46339b",
  "landscape · discount/template-defaults": "2802b sha256:857f4a6096bbd059",
  "landscape · empty/all-blank": "2427b sha256:f3b9b8e1ac752f95",
  "landscape · empty/overridden": "2827b sha256:12229b510e2d1728",
  "landscape · empty/placeholders": "2824b sha256:40e129648f34d515",
  "landscape · empty/template-defaults": "2822b sha256:fc6dcd66834a11ea",
  "landscape · lease/all-blank": "2394b sha256:de037e2749b9126c",
  "landscape · lease/overridden": "2832b sha256:79b459a36df89225",
  "landscape · lease/placeholders": "2833b sha256:83411f6bb8502eeb",
  "landscape · lease/template-defaults": "2833b sha256:cae9af3498aa4650",
  "landscape · sales_price/all-blank": "2390b sha256:5bde15ff4587d724",
  "landscape · sales_price/overridden": "2809b sha256:3b9d1e97695258ea",
  "landscape · sales_price/placeholders": "2806b sha256:6519bdd275edf46a",
  "landscape · sales_price/template-defaults": "2806b sha256:1ae56497a2cbfc3c",
  "landscape · unrecognized/all-blank": "2427b sha256:f3b9b8e1ac752f95",
  "landscape · unrecognized/overridden": "2827b sha256:12229b510e2d1728",
  "landscape · unrecognized/placeholders": "2824b sha256:40e129648f34d515",
  "landscape · unrecognized/template-defaults": "2822b sha256:fc6dcd66834a11ea",
  "square · apr/all-blank": "2179b sha256:0a9b2ecf81cacb72",
  "square · apr/overridden": "2602b sha256:cf8216fa213bc938",
  "square · apr/placeholders": "2591b sha256:3c3fbc013aec6943",
  "square · apr/template-defaults": "2591b sha256:855fa69cd71d7801",
  "square · custom/all-blank": "2224b sha256:a0578023817273ad",
  "square · custom/overridden": "2625b sha256:e890de3faa44765b",
  "square · custom/placeholders": "2622b sha256:3d5fe7333a6b1d4e",
  "square · custom/template-defaults": "2620b sha256:1431979fab80dc42",
  "square · discount/all-blank": "2184b sha256:3272d481d12262bf",
  "square · discount/overridden": "2606b sha256:66e6242686b4957c",
  "square · discount/placeholders": "2600b sha256:f7c74164527069ed",
  "square · discount/template-defaults": "2600b sha256:586c18de1427868f",
  "square · empty/all-blank": "2224b sha256:a0578023817273ad",
  "square · empty/overridden": "2625b sha256:e890de3faa44765b",
  "square · empty/placeholders": "2622b sha256:3d5fe7333a6b1d4e",
  "square · empty/template-defaults": "2620b sha256:1431979fab80dc42",
  "square · lease/all-blank": "2191b sha256:9cbd563cb79c73ba",
  "square · lease/overridden": "2630b sha256:87e327c6b9690742",
  "square · lease/placeholders": "2631b sha256:0487d8ddb4a7ca0d",
  "square · lease/template-defaults": "2631b sha256:f0e57a6feec81e62",
  "square · sales_price/all-blank": "2187b sha256:4f4d15a7aca27d73",
  "square · sales_price/overridden": "2607b sha256:935a0391d8e27689",
  "square · sales_price/placeholders": "2604b sha256:62e4acef9219f025",
  "square · sales_price/template-defaults": "2604b sha256:ca58f3d7e4ac4189",
  "square · unrecognized/all-blank": "2224b sha256:a0578023817273ad",
  "square · unrecognized/overridden": "2625b sha256:e890de3faa44765b",
  "square · unrecognized/placeholders": "2622b sha256:3d5fe7333a6b1d4e",
  "square · unrecognized/template-defaults": "2620b sha256:1431979fab80dc42",
  "story · apr/all-blank": "2179b sha256:483ee7fca5dfad10",
  "story · apr/overridden": "2602b sha256:de7b9849b4a76502",
  "story · apr/placeholders": "2591b sha256:2281b52239f2c055",
  "story · apr/template-defaults": "2591b sha256:9333c077b14f8669",
  "story · custom/all-blank": "2224b sha256:cd065e7f36eef7d2",
  "story · custom/overridden": "2625b sha256:46f76bbdf1637bbe",
  "story · custom/placeholders": "2622b sha256:83b1ae07403b41ff",
  "story · custom/template-defaults": "2620b sha256:c51fd2198d249fef",
  "story · discount/all-blank": "2184b sha256:cf9245ea54e82455",
  "story · discount/overridden": "2606b sha256:66909d05891ee9eb",
  "story · discount/placeholders": "2600b sha256:947dac92f4479323",
  "story · discount/template-defaults": "2600b sha256:3a12efde94b4c454",
  "story · empty/all-blank": "2224b sha256:cd065e7f36eef7d2",
  "story · empty/overridden": "2625b sha256:46f76bbdf1637bbe",
  "story · empty/placeholders": "2622b sha256:83b1ae07403b41ff",
  "story · empty/template-defaults": "2620b sha256:c51fd2198d249fef",
  "story · lease/all-blank": "2191b sha256:2c74c8a9bbde1254",
  "story · lease/overridden": "2630b sha256:e9eb9a055ab18763",
  "story · lease/placeholders": "2631b sha256:ed46125c26a05596",
  "story · lease/template-defaults": "2631b sha256:240c6373531161fb",
  "story · sales_price/all-blank": "2187b sha256:e44e521c53a6d61b",
  "story · sales_price/overridden": "2607b sha256:eadd184cf499c0c4",
  "story · sales_price/placeholders": "2604b sha256:65c6765a300629fa",
  "story · sales_price/template-defaults": "2604b sha256:6e26a30e44312d0d",
  "story · unrecognized/all-blank": "2224b sha256:cd065e7f36eef7d2",
  "story · unrecognized/overridden": "2625b sha256:46f76bbdf1637bbe",
  "story · unrecognized/placeholders": "2622b sha256:83b1ae07403b41ff",
  "story · unrecognized/template-defaults": "2620b sha256:c51fd2198d249fef",
}
`;
